
> brainigen@0.1.0 build D:\Brainigen\brainigen
> next build

Ôû▓ Next.js 16.2.4 (Turbopack)
- Environments: .env.local

  Creating an optimized production build ...
Ô£ô Compiled successfully in 59s
  Running TypeScript ...
  Finished TypeScript in 31.0s ...
  Collecting page data using 11 workers ...
  Generating static pages using 11 workers (0/11) ...
  Generating static pages using 11 workers (2/11) 
  Generating static pages using 11 workers (5/11) 
  Generating static pages using 11 workers (8/11) 
Ô£ô Generating static pages using 11 workers (11/11) in 613ms
  Finalizing page optimization ...

Route (app)
Ôöî ãÆ /_not-found
Ôö£ ãÆ /[locale]
Ôö£ ãÆ /[locale]/about
Ôö£ ãÆ /[locale]/activity
Ôö£ ãÆ /[locale]/admin
Ôö£ ãÆ /[locale]/admin/agents
Ôö£ ãÆ /[locale]/admin/ai-demo
Ôö£ ãÆ /[locale]/admin/analytics
Ôö£ ãÆ /[locale]/admin/billing
Ôö£ ãÆ /[locale]/admin/broadcasts
Ôö£ ãÆ /[locale]/admin/content
Ôö£ ãÆ /[locale]/admin/content/new
Ôö£ ãÆ /[locale]/admin/emails
Ôö£ ãÆ /[locale]/admin/settings
Ôö£ ãÆ /[locale]/admin/support
Ôö£ ãÆ /[locale]/admin/users
Ôö£ ãÆ /[locale]/blog
Ôö£ ãÆ /[locale]/blog/[slug]
Ôö£ ãÆ /[locale]/careers
Ôö£ ãÆ /[locale]/case-studies
Ôö£ ãÆ /[locale]/changelog
Ôö£ ãÆ /[locale]/compare
Ôö£ ãÆ /[locale]/contact
Ôö£ ãÆ /[locale]/cookies
Ôö£ ãÆ /[locale]/customers
Ôö£ ãÆ /[locale]/dashboard
Ôö£ ãÆ /[locale]/dashboard/agents
Ôö£ ãÆ /[locale]/dashboard/agents/[id]
Ôö£ ãÆ /[locale]/dashboard/agents/builder
Ôö£ ãÆ /[locale]/dashboard/agents/new
Ôö£ ãÆ /[locale]/dashboard/analytics
Ôö£ ãÆ /[locale]/dashboard/api-keys
Ôö£ ãÆ /[locale]/dashboard/billing
Ôö£ ãÆ /[locale]/dashboard/knowledge
Ôö£ ãÆ /[locale]/dashboard/notifications
Ôö£ ãÆ /[locale]/dashboard/settings
Ôö£ ãÆ /[locale]/dashboard/settings/notifications
Ôö£ ãÆ /[locale]/dashboard/support
Ôö£ ãÆ /[locale]/dashboard/webhooks
Ôö£ ãÆ /[locale]/demo
Ôö£ ãÆ /[locale]/dev/emails
Ôö£ ãÆ /[locale]/forgot-password
Ôö£ ãÆ /[locale]/integrations
Ôö£ ãÆ /[locale]/login
Ôö£ ãÆ /[locale]/onboarding
Ôö£ ãÆ /[locale]/pricing
Ôö£ ãÆ /[locale]/privacy
Ôö£ ãÆ /[locale]/register
Ôö£ ãÆ /[locale]/security
Ôö£ ãÆ /[locale]/services
Ôö£ ãÆ /[locale]/services/[slug]
Ôö£ ãÆ /[locale]/settings/profile
Ôö£ ãÆ /[locale]/solutions
Ôö£ ãÆ /[locale]/status
Ôö£ ãÆ /[locale]/terms
Ôö£ ãÆ /[locale]/trust
Ôö£ ãÆ /[locale]/verify-email
Ôö£ ãÆ /api/chat/demo
Ôö£ ãÆ /api/health
Ôö£ ãÆ /api/notifications/broadcast
Ôö£ ãÆ /api/notifications/create
Ôö£ ãÆ /api/og
Ôö£ ãÆ /api/webhooks/resend
Ôö£ ãÆ /auth/callback
Ôö£ Ôùï /robots.txt
Ôöö Ôùï /sitemap.xml


ãÆ Proxy (Middleware)

Ôùï  (Static)   prerendered as static content
ãÆ  (Dynamic)  server-rendered on demand

